{
  "annotations": {
    "destructiveHint": true,
    "idempotentHint": false,
    "readOnlyHint": false,
    "title": "Delete repository"
  },
  "description": "Delete a GitHub repository after the user confirms the exact owner/repository name",
  "inputSchema": {
    "properties": {
      "owner": {
        "description": "Repository owner (username or organization)",
        "type": "string"
      },
      "repo": {
        "description": "Repository name",
        "type": "string"
      }
    },
    "required": [
      "owner",
      "repo"
    ],
    "type": "object"
  },
  "name": "delete_repository"
}