{
  "annotations": {
    "idempotentHint": false,
    "readOnlyHint": true,
    "title": "Find duplicate issues"
  },
  "description": "Find likely duplicate issues for an existing issue in a GitHub repository. This is a read-only search scoped to the source issue's repository: it returns ranked candidate issues with a similarity score and confidence, and does not close, link, comment on, or otherwise modify any issue.",
  "inputSchema": {
    "properties": {
      "confidence_threshold": {
        "description": "Minimum similarity threshold a candidate must meet to be returned; higher values are stricter. When omitted, the API's high-precision default is used. The scale is defined by the API, so no client-side bounds are enforced.",
        "type": "number"
      },
      "issue_number": {
        "description": "The number of the existing issue to find duplicates for",
        "type": "number"
      },
      "owner": {
        "description": "The owner of the repository",
        "type": "string"
      },
      "page": {
        "description": "Page number for pagination (min 1)",
        "minimum": 1,
        "type": "number"
      },
      "perPage": {
        "description": "Results per page for pagination (min 1, max 100)",
        "maximum": 100,
        "minimum": 1,
        "type": "number"
      },
      "repo": {
        "description": "The name of the repository",
        "type": "string"
      }
    },
    "required": [
      "owner",
      "repo",
      "issue_number"
    ],
    "type": "object"
  },
  "name": "find_duplicate"
}