{
  "_meta": {
    "ui": {
      "resourceUri": "ui://github-mcp-server/issue-write",
      "visibility": [
        "model",
        "app"
      ]
    }
  },
  "annotations": {
    "idempotentHint": false,
    "readOnlyHint": false,
    "title": "Create or update issue/pull request"
  },
  "description": "Create a new or update an existing issue in a GitHub repository.",
  "inputSchema": {
    "properties": {
      "assignees": {
        "description": "Usernames to assign to this issue",
        "items": {
          "type": "string"
        },
        "type": "array"
      },
      "body": {
        "description": "Issue body content",
        "type": "string"
      },
      "duplicate_of": {
        "description": "Issue number that this issue is a duplicate of. Required when state_reason is 'duplicate'.",
        "type": "number"
      },
      "issue_fields": {
        "description": "Issue field values to set or clear. Each item requires 'field_name' and exactly one of 'value', 'field_option_name', or 'delete: true'.",
        "items": {
          "additionalProperties": false,
          "properties": {
            "delete": {
              "description": "Set to true to clear this field's current value on the issue. When false or omitted, this property is ignored. Cannot be true when 'value' or 'field_option_name' is provided.",
              "type": "boolean"
            },
            "field_name": {
              "description": "Issue field name (case-insensitive). Must match a field returned by list_issue_fields for this repository or its organization.",
              "type": "string"
            },
            "field_option_name": {
              "description": "Option name for single-select fields. Validated against the field's options before the API call. Cannot be combined with 'value' or 'delete: true'.",
              "type": "string"
            },
            "value": {
              "description": "Value to set. Use for text, number, and date fields (date as YYYY-MM-DD). For single-select fields, prefer 'field_option_name' so the option is validated before the API call. Cannot be combined with 'field_option_name' or 'delete: true'.",
              "type": [
                "string",
                "number",
                "boolean"
              ]
            }
          },
          "required": [
            "field_name"
          ],
          "type": "object"
        },
        "type": "array"
      },
      "issue_number": {
        "description": "Issue number to update",
        "type": "number"
      },
      "labels": {
        "description": "Labels to apply to this issue",
        "items": {
          "type": "string"
        },
        "type": "array"
      },
      "method": {
        "description": "Write operation to perform on a single issue.\nOptions are:\n- 'create' - creates a new issue.\n- 'update' - updates an existing issue.\n",
        "enum": [
          "create",
          "update"
        ],
        "type": "string"
      },
      "milestone": {
        "description": "Milestone number",
        "type": "number"
      },
      "owner": {
        "description": "Repository owner",
        "type": "string"
      },
      "parent_issue_number": {
        "description": "Issue number of the parent issue. Only used when method is 'create' and cannot be combined with issue_fields. The new issue is created and attached to this parent in the same operation.",
        "minimum": 1,
        "type": "number"
      },
      "parent_owner": {
        "description": "Repository owner of the parent issue. Must be provided with parent_repo. Omit both to use owner and repo. Only used when method is 'create' and parent_issue_number is provided.",
        "type": "string"
      },
      "parent_repo": {
        "description": "Repository name of the parent issue. Must be provided with parent_owner. Omit both to use owner and repo. Only used when method is 'create' and parent_issue_number is provided.",
        "type": "string"
      },
      "repo": {
        "description": "Repository name",
        "type": "string"
      },
      "state": {
        "description": "New state",
        "enum": [
          "open",
          "closed"
        ],
        "type": "string"
      },
      "state_reason": {
        "description": "Reason for the state change. Ignored unless state is changed.",
        "enum": [
          "completed",
          "not_planned",
          "duplicate"
        ],
        "type": "string"
      },
      "title": {
        "description": "Issue title",
        "type": "string"
      },
      "type": {
        "anyOf": [
          {
            "minLength": 1,
            "type": "string"
          },
          {
            "type": "null"
          }
        ],
        "description": "Type of this issue. For updates, pass null to remove the current type. Only use if issue types are enabled for this repository. Use list_issue_types to get valid type values for this repository or its owner organization. If the repository doesn't support issue types, omit this parameter."
      }
    },
    "required": [
      "method",
      "owner",
      "repo"
    ],
    "type": "object"
  },
  "name": "issue_write"
}