{
  "annotations": {
    "idempotentHint": false,
    "readOnlyHint": false,
    "title": "Merge pull request"
  },
  "description": "Merge a pull request in a GitHub repository.",
  "icons": [
    {
      "mimeType": "image/png",
      "src": "data:image/png;base64,iVBORw0KGgoAAAANSUhEUgAAABgAAAAYCAYAAADgdz34AAAABmJLR0QA/wD/AP+gvaeTAAACeElEQVRIibWVTUhUYRSGn/e74+iiQih1F9Vcmj9sptylUVBYkO4jcNeuJBdFKxe1CYQokGrRKjCEdtmqwEVmtqomQWeiUdc2EBUtUufe0yLHn1KLGXtX5zvn4zz3vd8f/Gfp90Qs0drmpA6MT1EveDo1NfV92wB+KnMdo39Nfs4L7eSHD5Nz1QJcJYglWtsw+iUehAuRRjO1g+0KHLerbb4OIHnHAC1FdW129s3XmUJuwnBDoOPbA7BwHsD7QWq1HKYN5msBRCpB1AueLoSROSkciSUyj5ClhE6BLtYC8CpBqVRabNrdMmIiJdQjuUbQ1WI+d78WwIbykxnzU9np7ejlNq2YxQ4ebNtTKyCyWcEgYl55EDj/a7ihFEtkLkr0As2YxjwL+9aem00dCEYNzvnJzLDvH27aaM5y80HEnKGHKGwPnEbT6fSOvzpAmrDQnkncpC7siiUzz2QqIPu25iOuGBorTufO/AJmH0v2ajHwuoHhrQHATOH9rQPJ7IjDLgs6kZ0F6it1AzArVcZLdUE+WnYgmv/uYFmz+dxH4NJGNT+RfYLCE7F4tn0pGkxHy94AmBm8/GfAVvIs7AukUTkbj5YdYIbZ9WJh8m1lzrrbNB4/tD+QuyPsdCibF26gmM/dY/NdRDqd3rEYeN04mswYL+ZXm68DxOPxnWXXMClsp+GGhCWBTtClYj53t1qXK78oVH2XYB/mHZ0pvHsN4Cczzw3rBaoGrJ6D5ZUvN1i+kjI0LWiptjmscbC88hZZCAf2trZeq1v0UsJ6wF7UAlhxUMxPvkW6AboQLbvPcjaO+BIx11cL4I9H308eOiLRQUhpOx79/66fNKzrOCYNDm0AAAAASUVORK5CYII=",
      "theme": "light"
    },
    {
      "mimeType": "image/png",
      "src": "data:image/png;base64,iVBORw0KGgoAAAANSUhEUgAAABgAAAAYCAYAAADgdz34AAAABmJLR0QA/wD/AP+gvaeTAAABjElEQVRIibWVPS/DURTGnysSC0HiZdWVrZ28JDaLT8BHaBsMdjqZJDXiAzC2LF5mX6GtATGiIsGARH+Gnj9X8a/kf3uWe3Py3Oc559xz75E6bK7VAWQkzUi6lXTonHsOpgYUgAZfdgmkQpFnjHwb6AemgDpQCiWwYlEPeL4i8JCEt8vb39g67vkmPH8yA3qt5nVgCzi1jLJBBEwkBZSAdxPKAj86LYQQQCU4cYvAKzDUSYF3YC+uRIAD8sA58ACU//VuTODE1n1g+A9c3jBH1tJ1a5TeCPNrdACSCpKeJG1IepN0LKkm6dGDrkqqOOdm7dyUpDNJi865PUnqjsvEObcJHEhaljQnaV5STwvszttXbR2J441KtB4LauLKVpZpYBDYte8mHUogZTWPrAGstTtQBl6AayDX7qHZD7AALMVGDvQBV5ZyETi2qHLtMvmXWRQAk57vBKgl4fV/0+jmq56vImk0icCnAWm7pB3riGngnlADx0TW+T4yL4CxJJy/Df20mkP/TqGHfifsA7INs3X5i3+yAAAAAElFTkSuQmCC",
      "theme": "dark"
    }
  ],
  "inputSchema": {
    "properties": {
      "commit_message": {
        "description": "Extra detail for merge commit",
        "type": "string"
      },
      "commit_title": {
        "description": "Title for merge commit",
        "type": "string"
      },
      "expectedHeadSha": {
        "description": "The expected SHA of the pull request's HEAD ref",
        "type": "string"
      },
      "merge_method": {
        "description": "Merge method",
        "enum": [
          "merge",
          "squash",
          "rebase"
        ],
        "type": "string"
      },
      "owner": {
        "description": "Repository owner",
        "type": "string"
      },
      "pullNumber": {
        "description": "Pull request number",
        "type": "number"
      },
      "repo": {
        "description": "Repository name",
        "type": "string"
      }
    },
    "required": [
      "owner",
      "repo",
      "pullNumber"
    ],
    "type": "object"
  },
  "name": "merge_pull_request"
}
