{
  "annotations": {
    "destructiveHint": false,
    "idempotentHint": false,
    "openWorldHint": true,
    "readOnlyHint": false,
    "title": "Update Issue Type"
  },
  "description": "Set or remove the type of an existing issue. Pass null to remove the current type. When setting a value, include a confidence level (LOW, MEDIUM, or HIGH) reflecting how certain you are about the choice.",
  "inputSchema": {
    "properties": {
      "confidence": {
        "description": "How confident you are in this choice. Use 'HIGH' for clear signal or explicit user request, 'MEDIUM' for reasonable inference with some ambiguity, 'LOW' for best guess with limited signal.",
        "enum": [
          "LOW",
          "MEDIUM",
          "HIGH"
        ],
        "type": "string"
      },
      "is_suggestion": {
        "description": "If true, this issue type change is sent to the API as a suggestion (suggest:true) rather than an applied value. Whether the type is applied or recorded as a proposal is determined by the API.",
        "type": "boolean"
      },
      "issue_number": {
        "description": "The issue number to update",
        "minimum": 1,
        "type": "number"
      },
      "issue_type": {
        "anyOf": [
          {
            "minLength": 1,
            "type": "string"
          },
          {
            "type": "null"
          }
        ],
        "description": "The issue type to set, or null to remove the current type"
      },
      "owner": {
        "description": "Repository owner (username or organization)",
        "type": "string"
      },
      "rationale": {
        "description": "One concise sentence explaining what specifically about the issue led you to choose this type. State the concrete signal (e.g. 'Reports a crash when saving' → bug, 'Asks for dark mode support' → feature).",
        "maxLength": 280,
        "type": "string"
      },
      "repo": {
        "description": "Repository name",
        "type": "string"
      }
    },
    "required": [
      "owner",
      "repo",
      "issue_number",
      "issue_type"
    ],
    "type": "object"
  },
  "name": "update_issue_type"
}